真实子进程预算测试单独在本地当前源码运行；其余测试加载当前内存源码。
test_audit_threshold_failure_is_terminal (test_acceptance_export.AcceptanceExportTests.test_audit_threshold_failure_is_terminal) ... ok
test_configured_model_action_does_not_construct_prompt (test_acceptance_export.AcceptanceExportTests.test_configured_model_action_does_not_construct_prompt) ... ok
test_consumed_audit_failure_is_terminal (test_acceptance_export.AcceptanceExportTests.test_consumed_audit_failure_is_terminal) ... ok
test_consumed_audit_ledger_cannot_restart (test_acceptance_export.AcceptanceExportTests.test_consumed_audit_ledger_cannot_restart) ... ok
test_core_acceptance_reproduce_graph_is_acyclic (test_acceptance_export.AcceptanceExportTests.test_core_acceptance_reproduce_graph_is_acyclic) ... ok
test_graph_rejects_unbound_adapter_weights (test_acceptance_export.AcceptanceExportTests.test_graph_rejects_unbound_adapter_weights) ... ok
test_preconsume_started_ledger_can_retry (test_acceptance_export.AcceptanceExportTests.test_preconsume_started_ledger_can_retry) ... ok
test_preledger_export_failure_can_retry_same_staging (test_acceptance_export.AcceptanceExportTests.test_preledger_export_failure_can_retry_same_staging) ... ok
test_success_atomically_promotes_and_verifies_graph (test_acceptance_export.AcceptanceExportTests.test_success_atomically_promotes_and_verifies_graph) ... ok
test_third_apply_drift_retains_staging_and_cleans_up (test_acceptance_export.AcceptanceExportTests.test_third_apply_drift_retains_staging_and_cleans_up) ... ok
test_v2_reproduction_reapplies_candidate_before_saving (test_acceptance_export.AcceptanceExportTests.test_v2_reproduction_reapplies_candidate_before_saving) ... Model saved to /tmp/tmped2xjp4j.
ok
test_v3_cannot_bypass_offline_finalize_via_legacy_export (test_acceptance_export.AcceptanceExportTests.test_v3_cannot_bypass_offline_finalize_via_legacy_export) ... ok
test_common_json_export_checks_new_artifact_graph (test_acceptance_export.NewResearchExportTests.test_common_json_export_checks_new_artifact_graph) ... ok
test_canonicalization_accepts_high_rank_roundoff (test_ara.ARAMathTests.test_canonicalization_accepts_high_rank_roundoff) ... ok
test_deployed_loss_regression_rolls_back (test_ara.ARAMathTests.test_deployed_loss_regression_rolls_back) ... ok
test_lora_factor_formula_matches_deployed_module (test_ara.ARAMathTests.test_lora_factor_formula_matches_deployed_module) ... ok
test_loss_is_finite_and_differentiable (test_ara.ARAMathTests.test_loss_is_finite_and_differentiable) ... ok
test_loss_terms_match_direct_reference_formula (test_ara.ARAMathTests.test_loss_terms_match_direct_reference_formula) ... ok
test_nonfinite_loss_rolls_back (test_ara.ARAMathTests.test_nonfinite_loss_rolls_back) ... ok
test_optimizer_decreases_loss_and_clears_gradients (test_ara.ARAMathTests.test_optimizer_decreases_loss_and_clears_gradients) ... ok
test_optimizer_rolls_back_on_failure (test_ara.ARAMathTests.test_optimizer_rolls_back_on_failure) ... ok
test_soft_distance_matches_broadcast_reference (test_ara.ARAMathTests.test_soft_distance_matches_broadcast_reference) ... ok
test_zero_strength_is_an_exact_noop (test_ara.ARAMathTests.test_zero_strength_is_an_exact_noop) ... ok
test_calibration_rejects_insufficient_samples (test_ara.ARAStateAndCaptureTests.test_calibration_rejects_insufficient_samples) ... ok
test_capture_removes_hooks_when_generation_fails (test_ara.ARAStateAndCaptureTests.test_capture_removes_hooks_when_generation_fails) ... ok
test_capture_removes_hooks_when_registration_fails (test_ara.ARAStateAndCaptureTests.test_capture_removes_hooks_when_registration_fails) ... ok
test_capture_uses_cpu_float32_and_removes_hooks (test_ara.ARAStateAndCaptureTests.test_capture_uses_cpu_float32_and_removes_hooks) ... ok
test_intervening_trial_cannot_change_parameter_replay (test_ara.ARAStateAndCaptureTests.test_intervening_trial_cannot_change_parameter_replay) ... ok
test_optimizer_rejects_malformed_calibration (test_ara.ARAStateAndCaptureTests.test_optimizer_rejects_malformed_calibration) ... ok
test_rejects_non_unit_adapter_semantics (test_ara.ARAStateAndCaptureTests.test_rejects_non_unit_adapter_semantics) ... ok
test_snapshot_restores_both_factors_deterministically (test_ara.ARAStateAndCaptureTests.test_snapshot_restores_both_factors_deterministically) ... ok
test_accepts_first_monitor_improvement_and_records_discrepancy (test_ara_backtracking.BacktrackingTests.test_accepts_first_monitor_improvement_and_records_discrepancy) ... ok
test_all_rejections_restore_same_original (test_ara_backtracking.BacktrackingTests.test_all_rejections_restore_same_original) ... ok
test_monitor_exception_restores_all_factors (test_ara_backtracking.BacktrackingTests.test_monitor_exception_restores_all_factors) ... ok
test_nonzero_old_update_reinstalled_is_not_new_update (test_ara_backtracking.BacktrackingTests.test_nonzero_old_update_reinstalled_is_not_new_update) ... ok
test_missing_expensive_branch_cannot_be_replaced_by_declared_seconds (test_ara_pilot.NativeResourceGateTests.test_missing_expensive_branch_cannot_be_replaced_by_declared_seconds) ... ok
test_native_phase_costs_use_frozen_formula_and_required_coverage (test_ara_pilot.NativeResourceGateTests.test_native_phase_costs_use_frozen_formula_and_required_coverage) ... ok
test_single_card_budget_cannot_reuse_a_more_generous_contract (test_ara_pilot.NativeResourceGateTests.test_single_card_budget_cannot_reuse_a_more_generous_contract) ... ok
test_file_mutation_is_rejected_before_declared_pass (test_ara_pilot.PilotTests.test_file_mutation_is_rejected_before_declared_pass) ... ok
test_full_calibration_pilot_requires_previous_proof (test_ara_pilot.PilotTests.test_full_calibration_pilot_requires_previous_proof) ... ok
test_legacy_summary_does_not_open_expansion (test_ara_pilot.PilotTests.test_legacy_summary_does_not_open_expansion) ... ok
test_native_evidence_can_pass_and_is_recomputed (test_ara_pilot.PilotTests.test_native_evidence_can_pass_and_is_recomputed) ... ok
test_parameter_identity_changes_while_study_stays_fixed (test_ara_pilot.PilotTests.test_parameter_identity_changes_while_study_stays_fixed) ... ok
test_target_rejects_self_or_readiness_hash (test_ara_pilot.PilotTests.test_target_rejects_self_or_readiness_hash) ... ok
test_factor_basis_change_is_not_effective_change (test_ara_proposal.ProposalTests.test_factor_basis_change_is_not_effective_change) ... ok
test_interpolation_matches_weight_product_not_factors (test_ara_proposal.ProposalTests.test_interpolation_matches_weight_product_not_factors) ... ok
test_nonfinite_is_not_clipped_into_valid_candidate (test_ara_proposal.ProposalTests.test_nonfinite_is_not_clipped_into_valid_candidate) ... ok
test_pilot_spectrum_is_clipped_without_raising_guard (test_ara_proposal.ProposalTests.test_pilot_spectrum_is_clipped_without_raising_guard) ... ok
test_rank_truncation_matches_dense_reference (test_ara_proposal.ProposalTests.test_rank_truncation_matches_dense_reference) ... ok
test_scale_preserves_relative_spectrum (test_ara_proposal.ProposalTests.test_scale_preserves_relative_spectrum) ... ok
test_unregistered_alpha_and_invalid_old_state_fail (test_ara_proposal.ProposalTests.test_unregistered_alpha_and_invalid_old_state_fail) ... ok
test_zero_keeps_nonzero_initial_a (test_ara_proposal.ProposalTests.test_zero_keeps_nonzero_initial_a) ... ok
test_initial_a_identity_is_paired_across_profiles_and_policies (test_ara_refinement.NewRefinementEvidenceTests.test_initial_a_identity_is_paired_across_profiles_and_policies) ... ok
test_remaining_disk_budget_verifies_existing_snapshot (test_ara_refinement.NewRefinementEvidenceTests.test_remaining_disk_budget_verifies_existing_snapshot) ... ok
test_anchor_keep_accounts_for_upstream_drift (test_ara_refinement.RefinementTests.test_anchor_keep_accounts_for_upstream_drift) ... ok
test_block_rolls_back_all_factors_when_monitor_raises (test_ara_refinement.RefinementTests.test_block_rolls_back_all_factors_when_monitor_raises) ... ok
test_effective_update_check_preserves_cancelling_factor_permutation (test_ara_refinement.RefinementTests.test_effective_update_check_preserves_cancelling_factor_permutation) ... ok
test_effective_update_check_rejects_changed_or_nonfinite_factors (test_ara_refinement.RefinementTests.test_effective_update_check_rejects_changed_or_nonfinite_factors) ... ok
test_high_rank_canonicalization_preserves_effective_update (test_ara_refinement.RefinementTests.test_high_rank_canonicalization_preserves_effective_update) ... ok
test_monitor_nan_is_attempt_failure (test_ara_refinement.RefinementTests.test_monitor_nan_is_attempt_failure) ... ok
test_monitor_requires_nonincrease_and_real_improvement (test_ara_refinement.RefinementTests.test_monitor_requires_nonincrease_and_real_improvement) ... ok
test_solver_operates_on_clones (test_ara_refinement.RefinementTests.test_solver_operates_on_clones) ... ok
test_new_trial_reports_effective_change_and_restores_original (test_ara_refinement.WholeTrialEvidenceTests.test_new_trial_reports_effective_change_and_restores_original) ... ok
test_absolute_snapshot_does_not_accumulate (test_ara_refinement_capture.CaptureTests.test_absolute_snapshot_does_not_accumulate) ... ok
test_context_restores_all_factors_and_flags_on_exception (test_ara_refinement_capture.CaptureTests.test_context_restores_all_factors_and_flags_on_exception) ... ok
test_left_and_right_padding_use_same_unpadded_positions (test_ara_refinement_capture.CaptureTests.test_left_and_right_padding_use_same_unpadded_positions) ... ok
test_recapture_matches_true_linear_downstream_input (test_ara_refinement_capture.CaptureTests.test_recapture_matches_true_linear_downstream_input) ... ok
test_restore_failure_still_restores_adapter_flags (test_ara_refinement_capture.CaptureTests.test_restore_failure_still_restores_adapter_flags) ... ok
test_sequential_cache_rejects_other_states (test_ara_refinement_capture.CaptureTests.test_sequential_cache_rejects_other_states) ... ok
test_short_steps_drop_on_both_sides_and_renormalize (test_ara_refinement_capture.CaptureTests.test_short_steps_drop_on_both_sides_and_renormalize) ... ok
test_snapshot_restoration_does_not_allocate_device_copy (test_ara_refinement_capture.CaptureTests.test_snapshot_restoration_does_not_allocate_device_copy) ... ok
test_new_recovery_claim_and_full_artifact_chain (test_ara_research_acceptance.NewResearchArtifactTests.test_new_recovery_claim_and_full_artifact_chain) ... ok
test_pilot_lock_cannot_be_read_as_formal_candidate (test_ara_research_acceptance.NewResearchArtifactTests.test_pilot_lock_cannot_be_read_as_formal_candidate) ... ok
test_24_attempt_gate_rejects_legacy_120_trial_budget (test_ara_research_acceptance.ResearchAcceptanceTests.test_24_attempt_gate_rejects_legacy_120_trial_budget) ... ok
test_comparison_only_and_inconclusive_cannot_promote (test_ara_research_acceptance.ResearchAcceptanceTests.test_comparison_only_and_inconclusive_cannot_promote) ... ok
test_empty_gate_is_not_vacuously_passed (test_ara_research_acceptance.ResearchAcceptanceTests.test_empty_gate_is_not_vacuously_passed) ... ok
test_failure_precedes_missing_evidence (test_ara_research_acceptance.ResearchAcceptanceTests.test_failure_precedes_missing_evidence) ... ok
test_finalize_accepts_complete_bound_ledger_evidence (test_ara_research_acceptance.ResearchAcceptanceTests.test_finalize_accepts_complete_bound_ledger_evidence) ... ok
test_finalize_rejects_missing_ledger_roles (test_ara_research_acceptance.ResearchAcceptanceTests.test_finalize_rejects_missing_ledger_roles) ... ok
test_finalize_requires_complete_consumption_for_each_evidence (test_ara_research_acceptance.ResearchAcceptanceTests.test_finalize_requires_complete_consumption_for_each_evidence) ... ok
test_immutable_report_is_idempotent_but_rejects_changed_labels (test_ara_research_acceptance.ResearchAcceptanceTests.test_immutable_report_is_idempotent_but_rejects_changed_labels) ... ok
test_known_failure_precedes_missing_semantic_labels (test_ara_research_acceptance.ResearchAcceptanceTests.test_known_failure_precedes_missing_semantic_labels) ... ok
test_member_finalize_recovers_after_promotion_before_aggregate (test_ara_research_acceptance.ResearchAcceptanceTests.test_member_finalize_recovers_after_promotion_before_aggregate) ... ok
test_offline_finalize_does_not_load_model_and_reports_missing_audit (test_ara_research_acceptance.ResearchAcceptanceTests.test_offline_finalize_does_not_load_model_and_reports_missing_audit) ... ok
test_v3_artifact_chain_rejects_parameter_and_core_tampering (test_ara_research_acceptance.ResearchAcceptanceTests.test_v3_artifact_chain_rejects_parameter_and_core_tampering) ... ok
test_v3_parameter_version_is_strict (test_ara_research_acceptance.ResearchAcceptanceTests.test_v3_parameter_version_is_strict) ... ok
test_zero_baseline_does_not_pass_relative_drop (test_ara_research_acceptance.ResearchAcceptanceTests.test_zero_baseline_does_not_pass_relative_drop) ... ok
test_completed_pilot_recovers_without_new_budget_session (test_ara_research_runner.NewResearchBudgetTests.test_completed_pilot_recovers_without_new_budget_session) ... ok
test_early_exit_still_records_unreached_cost_checkpoints (test_ara_research_runner.NewResearchBudgetTests.test_early_exit_still_records_unreached_cost_checkpoints) ... ok
test_target_zero_update_stops_target_seeds_only (test_ara_research_runner.NewResearchBudgetTests.test_target_zero_update_stops_target_seeds_only) ... ok
test_anchors_are_distinct_and_random_stage_is_deterministic (test_ara_research_runner.RunnerTests.test_anchors_are_distinct_and_random_stage_is_deterministic) ... ok
test_budget_charges_across_multiple_launches (test_ara_research_runner.RunnerTests.test_budget_charges_across_multiple_launches) ... ok
test_exhausted_resume_finalizes_orphan_before_loading_model (test_ara_research_runner.RunnerTests.test_exhausted_resume_finalizes_orphan_before_loading_model) ... ok
test_finalize_error_does_not_overwrite_frozen_phase_result (test_ara_research_runner.RunnerTests.test_finalize_error_does_not_overwrite_frozen_phase_result) ... {'phase': 'finalize', 'research_status': 'failed', 'reason': '冻结标注已改变'}
ok
test_initial_finalize_error_allows_corrected_request (test_ara_research_runner.RunnerTests.test_initial_finalize_error_allows_corrected_request) ... {'phase': 'finalize', 'research_status': 'failed', 'reason': '缺少标签文件'}
{'phase': 'finalize', 'research_status': 'passed', 'inputs_hash': 'frozen-inputs'}
ok
test_pilot_and_ablation_reject_unregistered_member (test_ara_research_runner.RunnerTests.test_pilot_and_ablation_reject_unregistered_member) ... ok
test_pilot_budget_is_shared_across_run_directories (test_ara_research_runner.RunnerTests.test_pilot_budget_is_shared_across_run_directories) ... ok
test_replay_resume_reuses_complete_evidence_and_latches_failure (test_ara_research_runner.RunnerTests.test_replay_resume_reuses_complete_evidence_and_latches_failure) ... ok
test_search_has_exact_24_terminal_attempts_and_resumes_lock (test_ara_research_runner.RunnerTests.test_search_has_exact_24_terminal_attempts_and_resumes_lock) ... /home/xdrshjr/.cache/ara-v3-code-check-ff8102e2/src/heretic/ara_research_runner.py:204: ExperimentalWarning: Argument ``constraints_func`` is an experimental feature. The interface can change in the future.
  sampler = optuna.samplers.TPESampler(
[I 2026-09-14 17:38:44,836] A new study created in memory with name: no-name-2a0025fb-b366-4980-ba3a-a179d511aa48
[I 2026-09-14 17:38:44,847] A new study created in memory with name: no-name-e54a04c4-f2e5-4581-9a48-07b3f4a6b6f3
[I 2026-09-14 17:38:44,854] A new study created in memory with name: no-name-42fb1f2d-3582-4f7b-ace8-fa8de5e61701
[I 2026-09-14 17:38:44,860] A new study created in memory with name: no-name-de585215-73bc-4513-bb3b-b8baa0080d8b
[I 2026-09-14 17:38:44,867] A new study created in memory with name: no-name-dcb75ee7-47aa-490f-bc2a-2e39fe48a6ff
[I 2026-09-14 17:38:44,873] A new study created in memory with name: no-name-c1c2aecf-14ec-41a5-9f69-68a5258893c8
[I 2026-09-14 17:38:44,881] A new study created in memory with name: no-name-7a7b0400-aacd-472b-baad-f2d4a8efda3e
[I 2026-09-14 17:38:44,889] A new study created in memory with name: no-name-ae3257e3-48c1-45ee-a712-e1f9adee7bdc
[I 2026-09-14 17:38:44,899] A new study created in memory with name: no-name-4fd516d7-a827-4adb-be8a-b1dcc5e7295d
[I 2026-09-14 17:38:44,908] A new study created in memory with name: no-name-a89c057c-4bf7-4c23-a43a-98740ea4690a
[I 2026-09-14 17:38:44,918] A new study created in memory with name: no-name-488c0afb-f0e2-44be-864b-8194b4d5ea52
[I 2026-09-14 17:38:44,926] A new study created in memory with name: no-name-44e311d0-5e33-44cb-a476-94affffb553d
ok
test_shortlist_filters_hard_constraints_before_top_three (test_ara_research_runner.RunnerTests.test_shortlist_filters_hard_constraints_before_top_three) ... ok
test_snapshot_restore_failure_stops_search_after_terminal_record (test_ara_research_runner.RunnerTests.test_snapshot_restore_failure_stops_search_after_terminal_record) ... ok
test_subprocess_failures_write_phase_result_and_exit_three (test_ara_research_runner.RunnerTests.test_subprocess_failures_write_phase_result_and_exit_three) ... {'phase': 'search', 'research_status': 'failed', 'reason': "Command '['judge']' returned non-zero exit status 7.", 'failure_category': 'CalledProcessError', 'subprocess_returncode': 7}
{'phase': 'search', 'research_status': 'failed', 'reason': "Command '['judge']' timed out after 2.0 seconds", 'failure_category': 'TimeoutExpired', 'timeout_seconds': 2.0}
{'phase': 'audit', 'research_status': 'failed', 'reason': "Command '['judge']' returned non-zero exit status 7.", 'failure_category': 'CalledProcessError', 'subprocess_returncode': 7}
{'phase': 'audit', 'research_status': 'failed', 'reason': "Command '['judge']' timed out after 2.0 seconds", 'failure_category': 'TimeoutExpired', 'timeout_seconds': 2.0}
ok
test_anchor_orphan_before_suggestion_keeps_registered_identity (test_ara_search.ARASearchTests.test_anchor_orphan_before_suggestion_keeps_registered_identity) ... [I 2026-09-14 17:38:44,947] A new study created in memory with name: no-name-66e6700b-070d-41f5-b930-99dda170c059
ok
test_candidate_constraints_use_relative_drop (test_ara_search.ARASearchTests.test_candidate_constraints_use_relative_drop) ... ok
test_constraints_reject_nonpositive_keyword_baseline (test_ara_search.ARASearchTests.test_constraints_reject_nonpositive_keyword_baseline) ... ok
test_fixed_eight_dimensions_have_no_clamp_mapping (test_ara_search.ARASearchTests.test_fixed_eight_dimensions_have_no_clamp_mapping) ... ok
test_gated_zero_complete_study_reports_failure_not_interrupt (test_ara_search.ARASearchTests.test_gated_zero_complete_study_reports_failure_not_interrupt) ... ok
test_interrupted_anchor_enqueue_repairs_only_missing_suffix (test_ara_search.ARASearchTests.test_interrupted_anchor_enqueue_repairs_only_missing_suffix) ... [I 2026-09-14 17:38:44,949] A new study created in memory with name: no-name-dbad0fa7-9791-4c93-a089-2449cd37481c
ok
test_orphan_recovery_requires_exclusive_owner_and_records_failure (test_ara_search.ARASearchTests.test_orphan_recovery_requires_exclusive_owner_and_records_failure) ... [I 2026-09-14 17:38:44,951] A new study created in memory with name: no-name-5f47f4c1-b847-480f-b2e6-c44e1a8f5357
ok
test_parameter_envelope_round_trips_exact_boundaries (test_ara_search.ARASearchTests.test_parameter_envelope_round_trips_exact_boundaries) ... ok
test_per_attempt_seed_is_stable_and_phase_separated (test_ara_search.ARASearchTests.test_per_attempt_seed_is_stable_and_phase_separated) ... ok
test_study_summary_counts_runtime_failures_and_best_trial (test_ara_search.ARASearchTests.test_study_summary_counts_runtime_failures_and_best_trial) ... [I 2026-09-14 17:38:44,953] A new study created in memory with name: no-name-7fe1237c-55bd-41d1-a039-115675f0e4f1
ok
test_capture_preallocates_step_major_storage_used_by_bank (test_ara_trajectory.TrajectoryBoundaryTests.test_capture_preallocates_step_major_storage_used_by_bank) ... ok
test_capture_removes_hooks_when_registration_fails (test_ara_trajectory.TrajectoryBoundaryTests.test_capture_removes_hooks_when_registration_fails) ... ok
test_first_eos_is_included_and_trailing_padding_is_removed (test_ara_trajectory.TrajectoryBoundaryTests.test_first_eos_is_included_and_trailing_padding_is_removed) ... ok
test_left_padding_positions_follow_each_row_boundary (test_ara_trajectory.TrajectoryBoundaryTests.test_left_padding_positions_follow_each_row_boundary) ... ok
test_step_weights_are_prompt_normalized (test_ara_trajectory.TrajectoryBoundaryTests.test_step_weights_are_prompt_normalized) ... ok
test_bank_uses_only_same_step_references (test_ara_trajectory.TrajectoryLossTests.test_bank_uses_only_same_step_references) ... ok
test_canonicalization_preserves_update_and_gain_is_explicit (test_ara_trajectory.TrajectoryLossTests.test_canonicalization_preserves_update_and_gain_is_explicit) ... ok
test_deployment_failure_rolls_back_both_factors (test_ara_trajectory.TrajectoryLossTests.test_deployment_failure_rolls_back_both_factors) ... ok
test_loss_is_finite_and_factor_gradients_exist (test_ara_trajectory.TrajectoryLossTests.test_loss_is_finite_and_factor_gradients_exist) ... ok
test_negative_trajectory_index_fails_closed (test_ara_trajectory.TrajectoryLossTests.test_negative_trajectory_index_fails_closed) ... ok
test_non_finite_factor_is_classified_and_rolled_back (test_ara_trajectory.TrajectoryLossTests.test_non_finite_factor_is_classified_and_rolled_back) ... ok
test_non_finite_observation_fails_closed (test_ara_trajectory.TrajectoryLossTests.test_non_finite_observation_fails_closed) ... ok
test_acceptance_gate_requires_deterministic_pinned_disjoint_data (test_config.CARAConfigTests.test_acceptance_gate_requires_deterministic_pinned_disjoint_data) ... ok
test_ara_rejects_row_normalization_and_reserved_kwargs (test_config.CARAConfigTests.test_ara_rejects_row_normalization_and_reserved_kwargs) ... ok
test_components_are_deduplicated_and_unknown_values_rejected (test_config.CARAConfigTests.test_components_are_deduplicated_and_unknown_values_rejected) ... ok
test_default_method_remains_directional (test_config.CARAConfigTests.test_default_method_remains_directional) ... ok
test_registered_qwen_configuration_parses (test_config.CARAConfigTests.test_registered_qwen_configuration_parses) ... ok
test_resume_keeps_current_run_control_fields (test_config.CARAConfigTests.test_resume_keeps_current_run_control_fields) ... ok
test_runtime_ranges_and_template_keys_are_validated (test_config.CARAConfigTests.test_runtime_ranges_and_template_keys_are_validated) ... ok
test_trajectory_v2_configuration_is_fully_preregistered (test_config.CARAConfigTests.test_trajectory_v2_configuration_is_fully_preregistered) ... ok
test_new_policy_requires_new_schema_and_frozen_alphas (test_config.NewProposalConfigurationTests.test_new_policy_requires_new_schema_and_frozen_alphas) ... ok
test_unregistered_search_policy_has_no_resource_admission (test_config.NewProposalConfigurationTests.test_unregistered_search_policy_has_no_resource_admission) ... ok
test_dual_gpu_template_uses_independent_budget (test_config.RefinementConfigurationTests.test_dual_gpu_template_uses_independent_budget) ... ok
test_method_mapping_rejects_ambiguous_variant (test_config.RefinementConfigurationTests.test_method_mapping_rejects_ambiguous_variant) ... ok
test_v3_rejects_unregistered_response_prefix (test_config.RefinementConfigurationTests.test_v3_rejects_unregistered_response_prefix) ... ok
test_v3_template_matches_real_qwen_projection_names (test_config.RefinementConfigurationTests.test_v3_template_matches_real_qwen_projection_names) ... ok
test_accepts_slug_like_instance_name (test_config.ScorerConfigTests.test_accepts_slug_like_instance_name) ... ok
test_rejects_dot_in_instance_name (test_config.ScorerConfigTests.test_rejects_dot_in_instance_name) ... ok
test_rejects_empty_instance_name (test_config.ScorerConfigTests.test_rejects_empty_instance_name) ... ok
test_rejects_whitespace_in_instance_name (test_config.ScorerConfigTests.test_rejects_whitespace_in_instance_name) ... ok
test_continuation_cache_lives_for_exactly_one_context (test_evaluator.EvaluatorTests.test_continuation_cache_lives_for_exactly_one_context) ... ok
test_one_score_pass_shares_context_but_next_pass_does_not (test_evaluator.EvaluatorTests.test_one_score_pass_shares_context_but_next_pass_does_not) ... ok
test_paired_records_omit_absent_machine_evidence (test_evaluator.EvaluatorTests.test_paired_records_omit_absent_machine_evidence) ... ok
test_paired_records_reject_machine_identity_drift (test_evaluator.EvaluatorTests.test_paired_records_reject_machine_identity_drift) ... ok
test_chat_template_settings_are_shared_by_batch_and_stream_paths (test_model.ModelFacadeTests.test_chat_template_settings_are_shared_by_batch_and_stream_paths) ... ok
test_configured_runtime_guard_rejects_wrong_projection_shape (test_model.ModelFacadeTests.test_configured_runtime_guard_rejects_wrong_projection_shape) ... ok
test_continuation_cache_identity_binds_tokenizer (test_model.ModelFacadeTests.test_continuation_cache_identity_binds_tokenizer) ... ok
test_fused_expert_container_is_not_assumed_iterable (test_model.ModelFacadeTests.test_fused_expert_container_is_not_assumed_iterable) ... ok
test_generation_precedence_preserves_greedy_default (test_model.ModelFacadeTests.test_generation_precedence_preserves_greedy_default) ... ok
test_merge_reload_requires_original_base_fingerprint (test_model.ModelFacadeTests.test_merge_reload_requires_original_base_fingerprint) ... ok
test_model_class_lookup_forwards_revision (test_model.ModelFacadeTests.test_model_class_lookup_forwards_revision) ... ok
test_qwen_hybrid_graph_discovers_expected_inventory (test_model.ModelFacadeTests.test_qwen_hybrid_graph_discovers_expected_inventory) ... ok
test_new_experiment_checks_readiness_before_model_allocation (test_pro6000_experiment.NewPro6000GateTests.test_new_experiment_checks_readiness_before_model_allocation) ... ok
test_new_launcher_rejects_missing_readiness_before_creating_run (test_pro6000_experiment.NewPro6000GateTests.test_new_launcher_rejects_missing_readiness_before_creating_run) ... ok
test_budget_and_seed_cannot_change_on_resume (test_pro6000_experiment.PreparationTests.test_budget_and_seed_cannot_change_on_resume) ... ok
test_changed_source_or_insufficient_unique_data_fails (test_pro6000_experiment.PreparationTests.test_changed_source_or_insufficient_unique_data_fails) ... ok
test_experiment_protocol_cannot_enter_formal_research (test_pro6000_experiment.PreparationTests.test_experiment_protocol_cannot_enter_formal_research) ... ok
test_full_roles_preserve_original_prompts_and_never_overlap (test_pro6000_experiment.PreparationTests.test_full_roles_preserve_original_prompts_and_never_overlap) ... ok
test_original_cross_role_duplicate_fails (test_pro6000_experiment.PreparationTests.test_original_cross_role_duplicate_fails) ... ok
test_wrong_or_busy_gpu_fails_before_loading (test_pro6000_experiment.PreparationTests.test_wrong_or_busy_gpu_fails_before_loading) ... ok
test_competing_worker_cannot_overwrite_status (test_pro6000_experiment.RecoveryTests.test_competing_worker_cannot_overwrite_status) ... 启动失败：运行目录已被其他进程锁定：/tmp/tmpr246o0s_/worker.lock
ok
test_finished_export_is_verified_without_loading_model (test_pro6000_experiment.RecoveryTests.test_finished_export_is_verified_without_loading_model) ... ok
test_freeze_uses_committed_content_even_after_worktree_changes (test_pro6000_experiment.RecoveryTests.test_freeze_uses_committed_content_even_after_worktree_changes) ... ok
test_native_24_trial_search_and_resume_need_no_semantic_judge (test_pro6000_experiment.SearchTests.test_native_24_trial_search_and_resume_need_no_semantic_judge) ... /home/xdrshjr/.cache/ara-v3-code-check-ff8102e2/src/heretic/ara_research_runner.py:204: ExperimentalWarning: Argument ``constraints_func`` is an experimental feature. The interface can change in the future.
  sampler = optuna.samplers.TPESampler(
[I 2026-09-14 17:38:45,241] A new study created in memory with name: no-name-2e69f642-62fb-401c-9221-d296ded1dbe1
[I 2026-09-14 17:38:45,257] A new study created in memory with name: no-name-2728f35a-15e1-4173-b115-08f80d239ff9
[I 2026-09-14 17:38:45,265] A new study created in memory with name: no-name-1247af48-9652-45b3-8d80-6baae3849ace
[I 2026-09-14 17:38:45,273] A new study created in memory with name: no-name-5d6860b4-2028-408d-afcb-8f4a5a1caba2
[I 2026-09-14 17:38:45,279] A new study created in memory with name: no-name-95b8a1fb-839f-4813-8a95-285ca9a20b03
[I 2026-09-14 17:38:45,286] A new study created in memory with name: no-name-e5bcfaba-4208-4f04-8025-683b9ceec52d
[I 2026-09-14 17:38:45,292] A new study created in memory with name: no-name-8d9fee32-32cf-41d6-a3b3-4259f8c28e39
[I 2026-09-14 17:38:45,299] A new study created in memory with name: no-name-9ce34ecd-b025-4502-acdf-fab710ea7a08
[I 2026-09-14 17:38:45,308] A new study created in memory with name: no-name-022b6899-fc86-4e0e-8cb2-2cf51f671f0c
[I 2026-09-14 17:38:45,315] A new study created in memory with name: no-name-cc8650c6-956f-42ea-acb0-8f61dec1ad3c
[I 2026-09-14 17:38:45,322] A new study created in memory with name: no-name-8899c5c3-f1d1-4472-aa77-bd69eb5057aa
[I 2026-09-14 17:38:45,329] A new study created in memory with name: no-name-c2365fa9-cc33-4e65-be4d-5d4d4cd1a441
ok
test_numeric_gate_precedes_keyword_ranking (test_pro6000_experiment.SearchTests.test_numeric_gate_precedes_keyword_ranking) ... ok
test_remaining_snapshot_reserve_keeps_formal_default (test_pro6000_experiment.SearchTests.test_remaining_snapshot_reserve_keeps_formal_default) ... ok
test_single_gpu_checkpoint_accounting (test_pro6000_experiment.SearchTests.test_single_gpu_checkpoint_accounting) ... ok
test_exported_adapter_reloads_selected_factors_and_restores_base (test_pro6000_export.ExportTests.test_exported_adapter_reloads_selected_factors_and_restores_base) ... /home/xdrshjr/miniconda3/envs/aragon-heretic/lib/python3.12/site-packages/peft/utils/save_and_load.py:438: UserWarning: Could not find a config file in  - will assume that the vocabulary was not modified.
  warnings.warn(
ok
test_completed_zero_update_export_is_explicitly_no_improvement (test_pro6000_export.NewPro6000ResultTests.test_completed_zero_update_export_is_explicitly_no_improvement) ... ok
test_full_calibration_is_not_treated_as_eight_sample_smoke (test_protocol_data.NewProfileContractTests.test_full_calibration_is_not_treated_as_eight_sample_smoke) ... ok
test_full_mapping_keeps_development_and_requires_192_candidates (test_protocol_data.NewProfileContractTests.test_full_mapping_keeps_development_and_requires_192_candidates) ... ok
test_hardware_model_mismatch_is_rejected_before_model_load (test_protocol_data.NewProfileContractTests.test_hardware_model_mismatch_is_rejected_before_model_load) ... ok
test_cross_role_normalized_content_leak_is_rejected (test_protocol_data.ProtocolDataTests.test_cross_role_normalized_content_leak_is_rejected) ... ok
test_fixed_416_row_revision_rejects_old_validation_before_load (test_protocol_data.ProtocolDataTests.test_fixed_416_row_revision_rejects_old_validation_before_load) ... ok
test_materialization_checks_count_and_empty_values (test_protocol_data.ProtocolDataTests.test_materialization_checks_count_and_empty_values) ... ok
test_metadata_preflight_does_not_materialize_rows (test_protocol_data.ProtocolDataTests.test_metadata_preflight_does_not_materialize_rows) ... ok
test_only_absolute_finite_slices_are_accepted (test_protocol_data.ProtocolDataTests.test_only_absolute_finite_slices_are_accepted) ... ok
test_protocol_roles_require_preregistered_row_counts (test_protocol_data.ProtocolDataTests.test_protocol_roles_require_preregistered_row_counts) ... ok
test_shared_validation_is_allowed_but_cross_role_overlap_is_not (test_protocol_data.ProtocolDataTests.test_shared_validation_is_allowed_but_cross_role_overlap_is_not) ... ok
test_training_role_reader_rejects_audit_without_opening_file (test_protocol_data.ProtocolDataTests.test_training_role_reader_rejects_audit_without_opening_file) ... ok
test_causal_shift_and_length_normalization (test_refusal_log_odds.ContinuationScoreTests.test_causal_shift_and_length_normalization) ... ok
test_invalid_prefixes_and_changed_boundaries_are_rejected (test_refusal_log_odds.ContinuationScoreTests.test_invalid_prefixes_and_changed_boundaries_are_rejected) ... ok
test_multitoken_chinese_prefix_groups_are_distinct (test_refusal_log_odds.ContinuationScoreTests.test_multitoken_chinese_prefix_groups_are_distinct) ... ok
test_raw_log_ratio_is_strictly_monotonic (test_refusal_log_odds.ContinuationScoreTests.test_raw_log_ratio_is_strictly_monotonic) ... ok
test_long_prompt_normalizes_only_selected_full_vocab_rows (test_refusal_log_odds.StreamingPrefixTests.test_long_prompt_normalizes_only_selected_full_vocab_rows) ... ok
test_new_reproduction_round_trip_and_parameter_binding (test_reproduce.NewResearchReproductionTests.test_new_reproduction_round_trip_and_parameter_binding) ... ok
test_unknown_research_version_cannot_use_legacy_version_number (test_reproduce.NewResearchReproductionTests.test_unknown_research_version_cannot_use_legacy_version_number) ... ok
test_acceptance_binding_rejects_hash_or_fingerprint_drift (test_reproduce.ReproductionSchemaTests.test_acceptance_binding_rejects_hash_or_fingerprint_drift) ... ok
test_acceptance_report_loading_verifies_sha_and_model (test_reproduce.ReproductionSchemaTests.test_acceptance_report_loading_verifies_sha_and_model) ... ok
test_model_card_names_cara_rank_and_gate_status (test_reproduce.ReproductionSchemaTests.test_model_card_names_cara_rank_and_gate_status) ... ok
test_reload_smoke_prompts_match_committed_fixture (test_reproduce.ReproductionSchemaTests.test_reload_smoke_prompts_match_committed_fixture) ... ok
test_unknown_version_and_method_are_rejected (test_reproduce.ReproductionSchemaTests.test_unknown_version_and_method_are_rejected) ... ok
test_v3_migrates_to_directional_envelope (test_reproduce.ReproductionSchemaTests.test_v3_migrates_to_directional_envelope) ... ok
test_v3_reproduce_dispatch_rejects_mixed_schema_fields (test_reproduce.ReproductionSchemaTests.test_v3_reproduce_dispatch_rejects_mixed_schema_fields) ... ok
test_v4_round_trips_both_methods (test_reproduce.ReproductionSchemaTests.test_v4_round_trips_both_methods) ... ok
test_complete_member_recovers_before_exhausted_budget_admission (test_research_audit.AuditTests.test_complete_member_recovers_before_exhausted_budget_admission) ... ok
test_complete_output_recovers_missing_terminal_write_without_model (test_research_audit.AuditTests.test_complete_output_recovers_missing_terminal_write_without_model) ... ok
test_consumed_failure_is_never_reexecuted (test_research_audit.AuditTests.test_consumed_failure_is_never_reexecuted) ... ok
test_failed_audit_writes_offline_summary_and_preserves_pending (test_research_audit.AuditTests.test_failed_audit_writes_offline_summary_and_preserves_pending) ... ok
test_failed_reload_does_not_consume_audit (test_research_audit.AuditTests.test_failed_reload_does_not_consume_audit) ... ok
test_freeze_rejects_missing_member_and_annotation_budgets (test_research_audit.AuditTests.test_freeze_rejects_missing_member_and_annotation_budgets) ... ok
test_manifest_cannot_be_rebound_to_a_new_plan (test_research_audit.AuditTests.test_manifest_cannot_be_rebound_to_a_new_plan) ... ok
test_partial_summary_recovers_complete_and_pending_without_replay (test_research_audit.AuditTests.test_partial_summary_recovers_complete_and_pending_without_replay) ... ok
test_probe_cache_is_bound_to_config_contents (test_research_audit.AuditTests.test_probe_cache_is_bound_to_config_contents) ... ok
test_same_plan_can_consume_each_member_once (test_research_audit.AuditTests.test_same_plan_can_consume_each_member_once) ... ok
test_new_primary_member_mapping_uses_safe_storage_keys (test_research_audit.NewAuditMemberTests.test_new_primary_member_mapping_uses_safe_storage_keys) ... ok
test_paired_drop_direction_and_degenerate_intervals (test_research_evaluation.AbilityTests.test_paired_drop_direction_and_degenerate_intervals) ... ok
test_disagreement_requires_a_third_reviewer (test_research_evaluation.SemanticEvaluationTests.test_disagreement_requires_a_third_reviewer) ... ok
test_empty_and_budget_truncated_answers_are_not_valid (test_research_evaluation.SemanticEvaluationTests.test_empty_and_budget_truncated_answers_are_not_valid) ... ok
test_exact_zero_refusal_bounds (test_research_evaluation.SemanticEvaluationTests.test_exact_zero_refusal_bounds) ... ok
test_implicit_and_uncertain_refusals_count_as_failures (test_research_evaluation.SemanticEvaluationTests.test_implicit_and_uncertain_refusals_count_as_failures) ... ok
test_invalid_binomial_denominators_fail (test_research_evaluation.SemanticEvaluationTests.test_invalid_binomial_denominators_fail) ... ok
test_missing_labels_never_shrink_denominator (test_research_evaluation.SemanticEvaluationTests.test_missing_labels_never_shrink_denominator) ... ok
test_response_hash_and_duplicate_scenarios_fail (test_research_evaluation.SemanticEvaluationTests.test_response_hash_and_duplicate_scenarios_fail) ... ok
test_paired_labels_reject_wrong_response_identity (test_research_evaluation.SemanticSuperiorityTests.test_paired_labels_reject_wrong_response_identity) ... ok
test_single_sided_interval_preserves_pairing_and_order (test_research_evaluation.SemanticSuperiorityTests.test_single_sided_interval_preserves_pairing_and_order) ... ok
test_zero_width_and_missing_members_are_inconclusive (test_research_evaluation.SemanticSuperiorityTests.test_zero_width_and_missing_members_are_inconclusive) ... ok
test_immediate_eos_still_has_one_prediction (test_sequence_scores.SequenceKLTests.test_immediate_eos_still_has_one_prediction) ... ok
test_kl_direction_matches_manual_distribution (test_sequence_scores.SequenceKLTests.test_kl_direction_matches_manual_distribution) ... ok
test_same_model_has_zero_kl (test_sequence_scores.SequenceKLTests.test_same_model_has_zero_kl) ... ok
test_zero_effective_positions_fail (test_sequence_scores.SequenceKLTests.test_zero_effective_positions_fail) ... ok
test_chunked_kl_matches_full_vocab_dense_reference (test_sequence_scores.StreamingSequenceTests.test_chunked_kl_matches_full_vocab_dense_reference) ... ok
test_selected_cpu_logits_do_not_retain_long_prompt_storage (test_sequence_scores.StreamingSequenceTests.test_selected_cpu_logits_do_not_retain_long_prompt_storage) ... ok
test_ara_parameter_envelope_round_trip (test_trial_methods.TrialMethodTests.test_ara_parameter_envelope_round_trip) ... ok
test_ara_search_space_has_fixed_dimensions (test_trial_methods.TrialMethodTests.test_ara_search_space_has_fixed_dimensions) ... ok
test_directional_cleanup_resets_model (test_trial_methods.TrialMethodTests.test_directional_cleanup_resets_model) ... ok
test_failed_v2_acceptance_requires_machine_failure_evidence (test_trial_methods.TrialMethodTests.test_failed_v2_acceptance_requires_machine_failure_evidence) ... ok
test_fingerprint_tracks_semantics_not_output_path (test_trial_methods.TrialMethodTests.test_fingerprint_tracks_semantics_not_output_path) ... ok
test_gate_filters_and_uses_lexicographic_order (test_trial_methods.TrialMethodTests.test_gate_filters_and_uses_lexicographic_order) ... [I 2026-09-14 17:38:45,970] A new study created in memory with name: no-name-c6d8e9e0-f11f-405f-a3b5-aeb825c8bce1
ok
test_gate_rejects_missing_and_duplicate_score_names (test_trial_methods.TrialMethodTests.test_gate_rejects_missing_and_duplicate_score_names) ... ok
test_gate_rejects_nonfinite_and_wrong_sample_count (test_trial_methods.TrialMethodTests.test_gate_rejects_nonfinite_and_wrong_sample_count) ... ok
test_gate_rejects_scores_outside_unit_interval (test_trial_methods.TrialMethodTests.test_gate_rejects_scores_outside_unit_interval) ... ok
test_health_gate_applies_to_local_model_paths (test_trial_methods.TrialMethodTests.test_health_gate_applies_to_local_model_paths) ... ok
test_qwen_gate_requires_full_preregistered_trial_count (test_trial_methods.TrialMethodTests.test_qwen_gate_requires_full_preregistered_trial_count) ... ok
test_tpe_handles_only_pruned_multiobjective_startup_trials (test_trial_methods.TrialMethodTests.test_tpe_handles_only_pruned_multiobjective_startup_trials) ... /home/xdrshjr/.cache/ara-v3-code-check-ff8102e2/tests/test_trial_methods.py:116: ExperimentalWarning: Argument ``multivariate`` is an experimental feature. The interface can change in the future.
  sampler = TPESampler(
/home/xdrshjr/.cache/ara-v3-code-check-ff8102e2/tests/test_trial_methods.py:116: ExperimentalWarning: Argument ``constraints_func`` is an experimental feature. The interface can change in the future.
  sampler = TPESampler(
[I 2026-09-14 17:38:45,972] A new study created in memory with name: no-name-be21629a-ba43-49d3-be64-61a1d0511e7c
[I 2026-09-14 17:38:45,972] Trial 0 pruned. 
[I 2026-09-14 17:38:45,973] Trial 1 pruned. 
[I 2026-09-14 17:38:45,973] Trial 2 pruned. 
[I 2026-09-14 17:38:45,973] Trial 3 pruned. 
[I 2026-09-14 17:38:45,973] Trial 4 pruned. 
[I 2026-09-14 17:38:45,973] Trial 5 pruned. 
[I 2026-09-14 17:38:45,973] Trial 6 pruned. 
[I 2026-09-14 17:38:45,973] Trial 7 pruned. 
[I 2026-09-14 17:38:45,973] Trial 8 pruned. 
[I 2026-09-14 17:38:45,973] Trial 9 pruned. 
[I 2026-09-14 17:38:45,973] Trial 10 pruned. 
[I 2026-09-14 17:38:45,974] Trial 11 pruned. 
[I 2026-09-14 17:38:45,974] Trial 12 pruned. 
[I 2026-09-14 17:38:45,974] Trial 13 pruned. 
[I 2026-09-14 17:38:45,974] Trial 14 pruned. 
[I 2026-09-14 17:38:45,974] Trial 15 pruned. 
[I 2026-09-14 17:38:45,974] Trial 16 pruned. 
[I 2026-09-14 17:38:45,974] Trial 17 pruned. 
[I 2026-09-14 17:38:45,974] Trial 18 pruned. 
[I 2026-09-14 17:38:45,974] Trial 19 pruned. 
[I 2026-09-14 17:38:45,974] Trial 20 pruned. 
[I 2026-09-14 17:38:45,975] Trial 21 pruned. 
[I 2026-09-14 17:38:45,975] Trial 22 pruned. 
[I 2026-09-14 17:38:45,975] Trial 23 pruned. 
[I 2026-09-14 17:38:45,975] Trial 24 pruned. 
[I 2026-09-14 17:38:45,975] Trial 25 pruned. 
[I 2026-09-14 17:38:45,975] Trial 26 pruned. 
[I 2026-09-14 17:38:45,975] Trial 27 pruned. 
[I 2026-09-14 17:38:45,975] Trial 28 pruned. 
[I 2026-09-14 17:38:45,975] Trial 29 pruned. 
[I 2026-09-14 17:38:45,975] Trial 30 pruned. 
[I 2026-09-14 17:38:45,976] Trial 31 pruned. 
[I 2026-09-14 17:38:45,976] Trial 32 pruned. 
[I 2026-09-14 17:38:45,976] Trial 33 pruned. 
[I 2026-09-14 17:38:45,976] Trial 34 pruned. 
[I 2026-09-14 17:38:45,976] Trial 35 pruned. 
[I 2026-09-14 17:38:45,977] Trial 36 pruned. 
ok
test_trajectory_parameter_envelope_round_trip (test_trial_methods.TrialMethodTests.test_trajectory_parameter_envelope_round_trip) ... ok
test_v3_parameter_envelope_uses_independent_dispatch (test_trial_methods.TrialMethodTests.test_v3_parameter_envelope_uses_independent_dispatch) ... [I 2026-09-14 17:38:45,978] A new study created in memory with name: no-name-cfb1bf37-d399-4a05-939a-111086156a95
ok
test_configured_export_strategy_does_not_construct_prompt (test_workflow.AcceptanceWorkflowTests.test_configured_export_strategy_does_not_construct_prompt) ... ok
test_export_failure_never_promotes_staging (test_workflow.AcceptanceWorkflowTests.test_export_failure_never_promotes_staging) ... ok
test_export_promotes_only_after_reload_and_reproduce_succeed (test_workflow.AcceptanceWorkflowTests.test_export_promotes_only_after_reload_and_reproduce_succeed) ... ok
test_gate_orders_two_replays_before_single_audit (test_workflow.AcceptanceWorkflowTests.test_gate_orders_two_replays_before_single_audit) ... ok
test_local_model_path_uses_generic_candidate_selection (test_workflow.AcceptanceWorkflowTests.test_local_model_path_uses_generic_candidate_selection) ... ok
test_missing_candidate_is_not_silently_ignored (test_workflow.AcceptanceWorkflowTests.test_missing_candidate_is_not_silently_ignored) ... ok
test_reload_process_rejects_timeout_failure_and_identity_drift (test_workflow.AcceptanceWorkflowTests.test_reload_process_rejects_timeout_failure_and_identity_drift) ... ok
test_replay_always_cleans_up_after_scorer_failure (test_workflow.AcceptanceWorkflowTests.test_replay_always_cleans_up_after_scorer_failure) ... ok
test_v2_reproduction_trial_preserves_full_envelope (test_workflow.AcceptanceWorkflowTests.test_v2_reproduction_trial_preserves_full_envelope) ... ok
test_both_research_versions_use_model_identity_gate (test_workflow.ResearchVersionWorkflowTests.test_both_research_versions_use_model_identity_gate) ... ok
test_unknown_research_version_never_falls_back_to_fingerprint (test_workflow.ResearchVersionWorkflowTests.test_unknown_research_version_never_falls_back_to_fingerprint) ... ok

----------------------------------------------------------------------
Ran 250 tests in 2.238s

OK

退出码：0
