真实子进程预算测试单独在本地当前源码运行；其余测试加载当前内存源码。
test_factor_basis_change_is_not_effective_change (test_ara_proposal.ProposalTests.test_factor_basis_change_is_not_effective_change) ... ok
test_interpolation_matches_weight_product_not_factors (test_ara_proposal.ProposalTests.test_interpolation_matches_weight_product_not_factors) ... ok
test_nonfinite_is_not_clipped_into_valid_candidate (test_ara_proposal.ProposalTests.test_nonfinite_is_not_clipped_into_valid_candidate) ... ok
test_pilot_spectrum_is_clipped_without_raising_guard (test_ara_proposal.ProposalTests.test_pilot_spectrum_is_clipped_without_raising_guard) ... ok
test_rank_truncation_matches_dense_reference (test_ara_proposal.ProposalTests.test_rank_truncation_matches_dense_reference) ... ok
test_scale_preserves_relative_spectrum (test_ara_proposal.ProposalTests.test_scale_preserves_relative_spectrum) ... ok
test_unregistered_alpha_and_invalid_old_state_fail (test_ara_proposal.ProposalTests.test_unregistered_alpha_and_invalid_old_state_fail) ... ok
test_zero_keeps_nonzero_initial_a (test_ara_proposal.ProposalTests.test_zero_keeps_nonzero_initial_a) ... ok
test_accepts_first_monitor_improvement_and_records_discrepancy (test_ara_backtracking.BacktrackingTests.test_accepts_first_monitor_improvement_and_records_discrepancy) ... ok
test_all_rejections_restore_same_original (test_ara_backtracking.BacktrackingTests.test_all_rejections_restore_same_original) ... ok
test_monitor_exception_restores_all_factors (test_ara_backtracking.BacktrackingTests.test_monitor_exception_restores_all_factors) ... ok
test_nonzero_old_update_reinstalled_is_not_new_update (test_ara_backtracking.BacktrackingTests.test_nonzero_old_update_reinstalled_is_not_new_update) ... ok
test_missing_expensive_branch_cannot_be_replaced_by_declared_seconds (test_ara_pilot.NativeResourceGateTests.test_missing_expensive_branch_cannot_be_replaced_by_declared_seconds) ... ok
test_native_phase_costs_use_frozen_formula_and_required_coverage (test_ara_pilot.NativeResourceGateTests.test_native_phase_costs_use_frozen_formula_and_required_coverage) ... ok
test_single_card_budget_cannot_reuse_a_more_generous_contract (test_ara_pilot.NativeResourceGateTests.test_single_card_budget_cannot_reuse_a_more_generous_contract) ... ok
test_file_mutation_is_rejected_before_declared_pass (test_ara_pilot.PilotTests.test_file_mutation_is_rejected_before_declared_pass) ... ok
test_full_calibration_pilot_requires_previous_proof (test_ara_pilot.PilotTests.test_full_calibration_pilot_requires_previous_proof) ... ok
test_legacy_summary_does_not_open_expansion (test_ara_pilot.PilotTests.test_legacy_summary_does_not_open_expansion) ... ok
test_native_evidence_can_pass_and_is_recomputed (test_ara_pilot.PilotTests.test_native_evidence_can_pass_and_is_recomputed) ... ok
test_parameter_identity_changes_while_study_stays_fixed (test_ara_pilot.PilotTests.test_parameter_identity_changes_while_study_stays_fixed) ... ok
test_target_rejects_self_or_readiness_hash (test_ara_pilot.PilotTests.test_target_rejects_self_or_readiness_hash) ... ok
test_initial_a_identity_is_paired_across_profiles_and_policies (test_ara_refinement.NewRefinementEvidenceTests.test_initial_a_identity_is_paired_across_profiles_and_policies) ... ok
test_remaining_disk_budget_verifies_existing_snapshot (test_ara_refinement.NewRefinementEvidenceTests.test_remaining_disk_budget_verifies_existing_snapshot) ... ok
test_anchor_keep_accounts_for_upstream_drift (test_ara_refinement.RefinementTests.test_anchor_keep_accounts_for_upstream_drift) ... ok
test_block_rolls_back_all_factors_when_monitor_raises (test_ara_refinement.RefinementTests.test_block_rolls_back_all_factors_when_monitor_raises) ... ok
test_effective_update_check_preserves_cancelling_factor_permutation (test_ara_refinement.RefinementTests.test_effective_update_check_preserves_cancelling_factor_permutation) ... ok
test_effective_update_check_rejects_changed_or_nonfinite_factors (test_ara_refinement.RefinementTests.test_effective_update_check_rejects_changed_or_nonfinite_factors) ... ok
test_high_rank_canonicalization_preserves_effective_update (test_ara_refinement.RefinementTests.test_high_rank_canonicalization_preserves_effective_update) ... ok
test_monitor_nan_is_attempt_failure (test_ara_refinement.RefinementTests.test_monitor_nan_is_attempt_failure) ... ok
test_monitor_requires_nonincrease_and_real_improvement (test_ara_refinement.RefinementTests.test_monitor_requires_nonincrease_and_real_improvement) ... ok
test_solver_operates_on_clones (test_ara_refinement.RefinementTests.test_solver_operates_on_clones) ... ok
test_new_trial_reports_effective_change_and_restores_original (test_ara_refinement.WholeTrialEvidenceTests.test_new_trial_reports_effective_change_and_restores_original) ... ok
test_completed_pilot_recovers_without_new_budget_session (test_ara_research_runner.NewResearchBudgetTests.test_completed_pilot_recovers_without_new_budget_session) ... ok
test_early_exit_still_records_unreached_cost_checkpoints (test_ara_research_runner.NewResearchBudgetTests.test_early_exit_still_records_unreached_cost_checkpoints) ... ok
test_target_zero_update_stops_target_seeds_only (test_ara_research_runner.NewResearchBudgetTests.test_target_zero_update_stops_target_seeds_only) ... ok
test_anchors_are_distinct_and_random_stage_is_deterministic (test_ara_research_runner.RunnerTests.test_anchors_are_distinct_and_random_stage_is_deterministic) ... ok
test_budget_charges_across_multiple_launches (test_ara_research_runner.RunnerTests.test_budget_charges_across_multiple_launches) ... ok
test_exhausted_resume_finalizes_orphan_before_loading_model (test_ara_research_runner.RunnerTests.test_exhausted_resume_finalizes_orphan_before_loading_model) ... ok
test_finalize_error_does_not_overwrite_frozen_phase_result (test_ara_research_runner.RunnerTests.test_finalize_error_does_not_overwrite_frozen_phase_result) ... {'phase': 'finalize', 'research_status': 'failed', 'reason': '冻结标注已改变'}
ok
test_initial_finalize_error_allows_corrected_request (test_ara_research_runner.RunnerTests.test_initial_finalize_error_allows_corrected_request) ... {'phase': 'finalize', 'research_status': 'failed', 'reason': '缺少标签文件'}
{'phase': 'finalize', 'research_status': 'passed', 'inputs_hash': 'frozen-inputs'}
ok
test_pilot_and_ablation_reject_unregistered_member (test_ara_research_runner.RunnerTests.test_pilot_and_ablation_reject_unregistered_member) ... ok
test_pilot_budget_is_shared_across_run_directories (test_ara_research_runner.RunnerTests.test_pilot_budget_is_shared_across_run_directories) ... ok
test_replay_resume_reuses_complete_evidence_and_latches_failure (test_ara_research_runner.RunnerTests.test_replay_resume_reuses_complete_evidence_and_latches_failure) ... ok
test_search_has_exact_24_terminal_attempts_and_resumes_lock (test_ara_research_runner.RunnerTests.test_search_has_exact_24_terminal_attempts_and_resumes_lock) ... /home/xdrshjr/.cache/ara-v3-code-check-ff8102e2/src/heretic/ara_research_runner.py:204: ExperimentalWarning: Argument ``constraints_func`` is an experimental feature. The interface can change in the future.
  sampler = optuna.samplers.TPESampler(
[I 2026-09-14 17:55:05,854] A new study created in memory with name: no-name-5f595be4-b312-455c-a26f-48f2809cd2ac
[I 2026-09-14 17:55:05,862] A new study created in memory with name: no-name-b7fa8dc7-bb6e-4cc7-b0e8-3a360aca8d52
[I 2026-09-14 17:55:05,868] A new study created in memory with name: no-name-ba516780-a09f-475e-adc2-9f0fefa7f491
[I 2026-09-14 17:55:05,874] A new study created in memory with name: no-name-80fa0c3d-adbe-43ce-9cfc-800e825fb6be
[I 2026-09-14 17:55:05,881] A new study created in memory with name: no-name-3f59556b-c43d-4ca9-8644-2397104ae13a
[I 2026-09-14 17:55:05,888] A new study created in memory with name: no-name-7fb225b7-25e0-4465-aeb7-2d6cfdd16c9b
[I 2026-09-14 17:55:05,896] A new study created in memory with name: no-name-8041456f-3345-46d9-bf03-c77dd36500ee
[I 2026-09-14 17:55:05,903] A new study created in memory with name: no-name-7e1ac6ab-7c36-4fb5-af84-62a7436be594
[I 2026-09-14 17:55:05,910] A new study created in memory with name: no-name-f32aaf5d-87bc-4b49-8a64-6c3730caf354
[I 2026-09-14 17:55:05,917] A new study created in memory with name: no-name-642e38b9-31a0-4263-ab95-9a2586bf62dd
[I 2026-09-14 17:55:05,924] A new study created in memory with name: no-name-6c21a397-d501-49ad-8d69-5047626231dd
[I 2026-09-14 17:55:05,931] A new study created in memory with name: no-name-e1a80712-b622-444f-8122-077d8d1424e6
ok
test_shortlist_filters_hard_constraints_before_top_three (test_ara_research_runner.RunnerTests.test_shortlist_filters_hard_constraints_before_top_three) ... ok
test_snapshot_restore_failure_stops_search_after_terminal_record (test_ara_research_runner.RunnerTests.test_snapshot_restore_failure_stops_search_after_terminal_record) ... ok
test_subprocess_failures_write_phase_result_and_exit_three (test_ara_research_runner.RunnerTests.test_subprocess_failures_write_phase_result_and_exit_three) ... {'phase': 'search', 'research_status': 'failed', 'reason': "Command '['judge']' returned non-zero exit status 7.", 'failure_category': 'CalledProcessError', 'subprocess_returncode': 7}
{'phase': 'search', 'research_status': 'failed', 'reason': "Command '['judge']' timed out after 2.0 seconds", 'failure_category': 'TimeoutExpired', 'timeout_seconds': 2.0}
{'phase': 'audit', 'research_status': 'failed', 'reason': "Command '['judge']' returned non-zero exit status 7.", 'failure_category': 'CalledProcessError', 'subprocess_returncode': 7}
{'phase': 'audit', 'research_status': 'failed', 'reason': "Command '['judge']' timed out after 2.0 seconds", 'failure_category': 'TimeoutExpired', 'timeout_seconds': 2.0}
ok
test_new_recovery_claim_and_full_artifact_chain (test_ara_research_acceptance.NewResearchArtifactTests.test_new_recovery_claim_and_full_artifact_chain) ... ok
test_pilot_lock_cannot_be_read_as_formal_candidate (test_ara_research_acceptance.NewResearchArtifactTests.test_pilot_lock_cannot_be_read_as_formal_candidate) ... ok
test_24_attempt_gate_rejects_legacy_120_trial_budget (test_ara_research_acceptance.ResearchAcceptanceTests.test_24_attempt_gate_rejects_legacy_120_trial_budget) ... ok
test_comparison_only_and_inconclusive_cannot_promote (test_ara_research_acceptance.ResearchAcceptanceTests.test_comparison_only_and_inconclusive_cannot_promote) ... ok
test_empty_gate_is_not_vacuously_passed (test_ara_research_acceptance.ResearchAcceptanceTests.test_empty_gate_is_not_vacuously_passed) ... ok
test_failure_precedes_missing_evidence (test_ara_research_acceptance.ResearchAcceptanceTests.test_failure_precedes_missing_evidence) ... ok
test_finalize_accepts_complete_bound_ledger_evidence (test_ara_research_acceptance.ResearchAcceptanceTests.test_finalize_accepts_complete_bound_ledger_evidence) ... ok
test_finalize_rejects_missing_ledger_roles (test_ara_research_acceptance.ResearchAcceptanceTests.test_finalize_rejects_missing_ledger_roles) ... ok
test_finalize_requires_complete_consumption_for_each_evidence (test_ara_research_acceptance.ResearchAcceptanceTests.test_finalize_requires_complete_consumption_for_each_evidence) ... ok
test_immutable_report_is_idempotent_but_rejects_changed_labels (test_ara_research_acceptance.ResearchAcceptanceTests.test_immutable_report_is_idempotent_but_rejects_changed_labels) ... ok
test_known_failure_precedes_missing_semantic_labels (test_ara_research_acceptance.ResearchAcceptanceTests.test_known_failure_precedes_missing_semantic_labels) ... ok
test_member_finalize_recovers_after_promotion_before_aggregate (test_ara_research_acceptance.ResearchAcceptanceTests.test_member_finalize_recovers_after_promotion_before_aggregate) ... ok
test_offline_finalize_does_not_load_model_and_reports_missing_audit (test_ara_research_acceptance.ResearchAcceptanceTests.test_offline_finalize_does_not_load_model_and_reports_missing_audit) ... ok
test_v3_artifact_chain_rejects_parameter_and_core_tampering (test_ara_research_acceptance.ResearchAcceptanceTests.test_v3_artifact_chain_rejects_parameter_and_core_tampering) ... ok
test_v3_parameter_version_is_strict (test_ara_research_acceptance.ResearchAcceptanceTests.test_v3_parameter_version_is_strict) ... ok
test_zero_baseline_does_not_pass_relative_drop (test_ara_research_acceptance.ResearchAcceptanceTests.test_zero_baseline_does_not_pass_relative_drop) ... ok
test_new_experiment_checks_readiness_before_model_allocation (test_pro6000_experiment.NewPro6000GateTests.test_new_experiment_checks_readiness_before_model_allocation) ... ok
test_new_launcher_rejects_missing_readiness_before_creating_run (test_pro6000_experiment.NewPro6000GateTests.test_new_launcher_rejects_missing_readiness_before_creating_run) ... ok
test_budget_and_seed_cannot_change_on_resume (test_pro6000_experiment.PreparationTests.test_budget_and_seed_cannot_change_on_resume) ... ok
test_changed_source_or_insufficient_unique_data_fails (test_pro6000_experiment.PreparationTests.test_changed_source_or_insufficient_unique_data_fails) ... ok
test_experiment_protocol_cannot_enter_formal_research (test_pro6000_experiment.PreparationTests.test_experiment_protocol_cannot_enter_formal_research) ... ok
test_full_roles_preserve_original_prompts_and_never_overlap (test_pro6000_experiment.PreparationTests.test_full_roles_preserve_original_prompts_and_never_overlap) ... ok
test_original_cross_role_duplicate_fails (test_pro6000_experiment.PreparationTests.test_original_cross_role_duplicate_fails) ... ok
test_wrong_or_busy_gpu_fails_before_loading (test_pro6000_experiment.PreparationTests.test_wrong_or_busy_gpu_fails_before_loading) ... ok
test_competing_worker_cannot_overwrite_status (test_pro6000_experiment.RecoveryTests.test_competing_worker_cannot_overwrite_status) ... 启动失败：运行目录已被其他进程锁定：/tmp/tmpj11cvn17/worker.lock
ok
test_finished_export_is_verified_without_loading_model (test_pro6000_experiment.RecoveryTests.test_finished_export_is_verified_without_loading_model) ... ok
test_freeze_uses_committed_content_even_after_worktree_changes (test_pro6000_experiment.RecoveryTests.test_freeze_uses_committed_content_even_after_worktree_changes) ... ok
test_native_24_trial_search_and_resume_need_no_semantic_judge (test_pro6000_experiment.SearchTests.test_native_24_trial_search_and_resume_need_no_semantic_judge) ... /home/xdrshjr/.cache/ara-v3-code-check-ff8102e2/src/heretic/ara_research_runner.py:204: ExperimentalWarning: Argument ``constraints_func`` is an experimental feature. The interface can change in the future.
  sampler = optuna.samplers.TPESampler(
[I 2026-09-14 17:55:06,025] A new study created in memory with name: no-name-60ab2d24-b189-4c6f-8196-b7b745ea7e3b
[I 2026-09-14 17:55:06,037] A new study created in memory with name: no-name-5fc6c650-3a59-4563-9631-079a11e3e807
[I 2026-09-14 17:55:06,044] A new study created in memory with name: no-name-1fadede0-d772-4e2a-9a5a-f85b79442dc9
[I 2026-09-14 17:55:06,051] A new study created in memory with name: no-name-fe4e3f36-49bd-49d0-ba0b-d5f3888dfc34
[I 2026-09-14 17:55:06,057] A new study created in memory with name: no-name-8064dbcf-9672-46a5-ba57-c1421395748b
[I 2026-09-14 17:55:06,064] A new study created in memory with name: no-name-75d36520-746f-44e7-8d43-d7c29df7a3d8
[I 2026-09-14 17:55:06,071] A new study created in memory with name: no-name-7fbe82e3-f300-468f-815d-5eff9b1364bc
[I 2026-09-14 17:55:06,077] A new study created in memory with name: no-name-8bd8f604-354c-4eba-b721-1b0e60977c59
[I 2026-09-14 17:55:06,084] A new study created in memory with name: no-name-c2678e9d-2bfa-4840-ac96-03b44f61758e
[I 2026-09-14 17:55:06,091] A new study created in memory with name: no-name-c2c8ae58-ce4b-4f07-8cc8-06d36e9f13ef
[I 2026-09-14 17:55:06,099] A new study created in memory with name: no-name-b533d3d1-871e-4430-bf28-72026586ff37
[I 2026-09-14 17:55:06,106] A new study created in memory with name: no-name-fd3d26bc-732e-42c4-b058-6df703ae3359
ok
test_numeric_gate_precedes_keyword_ranking (test_pro6000_experiment.SearchTests.test_numeric_gate_precedes_keyword_ranking) ... ok
test_remaining_snapshot_reserve_keeps_formal_default (test_pro6000_experiment.SearchTests.test_remaining_snapshot_reserve_keeps_formal_default) ... ok
test_single_gpu_checkpoint_accounting (test_pro6000_experiment.SearchTests.test_single_gpu_checkpoint_accounting) ... ok
test_exported_adapter_reloads_selected_factors_and_restores_base (test_pro6000_export.ExportTests.test_exported_adapter_reloads_selected_factors_and_restores_base) ... /home/xdrshjr/miniconda3/envs/aragon-heretic/lib/python3.12/site-packages/peft/utils/save_and_load.py:438: UserWarning: Could not find a config file in  - will assume that the vocabulary was not modified.
  warnings.warn(
ok
test_completed_zero_update_export_is_explicitly_no_improvement (test_pro6000_export.NewPro6000ResultTests.test_completed_zero_update_export_is_explicitly_no_improvement) ... ok
test_full_calibration_is_not_treated_as_eight_sample_smoke (test_protocol_data.NewProfileContractTests.test_full_calibration_is_not_treated_as_eight_sample_smoke) ... ok
test_full_mapping_keeps_development_and_requires_192_candidates (test_protocol_data.NewProfileContractTests.test_full_mapping_keeps_development_and_requires_192_candidates) ... ok
test_hardware_model_mismatch_is_rejected_before_model_load (test_protocol_data.NewProfileContractTests.test_hardware_model_mismatch_is_rejected_before_model_load) ... ok
test_cross_role_normalized_content_leak_is_rejected (test_protocol_data.ProtocolDataTests.test_cross_role_normalized_content_leak_is_rejected) ... ok
test_fixed_416_row_revision_rejects_old_validation_before_load (test_protocol_data.ProtocolDataTests.test_fixed_416_row_revision_rejects_old_validation_before_load) ... ok
test_materialization_checks_count_and_empty_values (test_protocol_data.ProtocolDataTests.test_materialization_checks_count_and_empty_values) ... ok
test_metadata_preflight_does_not_materialize_rows (test_protocol_data.ProtocolDataTests.test_metadata_preflight_does_not_materialize_rows) ... ok
test_only_absolute_finite_slices_are_accepted (test_protocol_data.ProtocolDataTests.test_only_absolute_finite_slices_are_accepted) ... ok
test_protocol_roles_require_preregistered_row_counts (test_protocol_data.ProtocolDataTests.test_protocol_roles_require_preregistered_row_counts) ... ok
test_shared_validation_is_allowed_but_cross_role_overlap_is_not (test_protocol_data.ProtocolDataTests.test_shared_validation_is_allowed_but_cross_role_overlap_is_not) ... ok
test_training_role_reader_rejects_audit_without_opening_file (test_protocol_data.ProtocolDataTests.test_training_role_reader_rejects_audit_without_opening_file) ... ok
test_acceptance_gate_requires_deterministic_pinned_disjoint_data (test_config.CARAConfigTests.test_acceptance_gate_requires_deterministic_pinned_disjoint_data) ... ok
test_ara_rejects_row_normalization_and_reserved_kwargs (test_config.CARAConfigTests.test_ara_rejects_row_normalization_and_reserved_kwargs) ... ok
test_components_are_deduplicated_and_unknown_values_rejected (test_config.CARAConfigTests.test_components_are_deduplicated_and_unknown_values_rejected) ... ok
test_default_method_remains_directional (test_config.CARAConfigTests.test_default_method_remains_directional) ... ok
test_registered_qwen_configuration_parses (test_config.CARAConfigTests.test_registered_qwen_configuration_parses) ... ok
test_resume_keeps_current_run_control_fields (test_config.CARAConfigTests.test_resume_keeps_current_run_control_fields) ... ok
test_runtime_ranges_and_template_keys_are_validated (test_config.CARAConfigTests.test_runtime_ranges_and_template_keys_are_validated) ... ok
test_trajectory_v2_configuration_is_fully_preregistered (test_config.CARAConfigTests.test_trajectory_v2_configuration_is_fully_preregistered) ... ok
test_new_policy_requires_new_schema_and_frozen_alphas (test_config.NewProposalConfigurationTests.test_new_policy_requires_new_schema_and_frozen_alphas) ... ok
test_unregistered_search_policy_has_no_resource_admission (test_config.NewProposalConfigurationTests.test_unregistered_search_policy_has_no_resource_admission) ... ok
test_dual_gpu_template_uses_independent_budget (test_config.RefinementConfigurationTests.test_dual_gpu_template_uses_independent_budget) ... ok
test_method_mapping_rejects_ambiguous_variant (test_config.RefinementConfigurationTests.test_method_mapping_rejects_ambiguous_variant) ... ok
test_v3_rejects_unregistered_response_prefix (test_config.RefinementConfigurationTests.test_v3_rejects_unregistered_response_prefix) ... ok
test_v3_template_matches_real_qwen_projection_names (test_config.RefinementConfigurationTests.test_v3_template_matches_real_qwen_projection_names) ... ok
test_accepts_slug_like_instance_name (test_config.ScorerConfigTests.test_accepts_slug_like_instance_name) ... ok
test_rejects_dot_in_instance_name (test_config.ScorerConfigTests.test_rejects_dot_in_instance_name) ... ok
test_rejects_empty_instance_name (test_config.ScorerConfigTests.test_rejects_empty_instance_name) ... ok
test_rejects_whitespace_in_instance_name (test_config.ScorerConfigTests.test_rejects_whitespace_in_instance_name) ... ok
test_immediate_eos_still_has_one_prediction (test_sequence_scores.SequenceKLTests.test_immediate_eos_still_has_one_prediction) ... ok
test_kl_direction_matches_manual_distribution (test_sequence_scores.SequenceKLTests.test_kl_direction_matches_manual_distribution) ... ok
test_same_model_has_zero_kl (test_sequence_scores.SequenceKLTests.test_same_model_has_zero_kl) ... ok
test_zero_effective_positions_fail (test_sequence_scores.SequenceKLTests.test_zero_effective_positions_fail) ... ok
test_chunked_kl_matches_full_vocab_dense_reference (test_sequence_scores.StreamingSequenceTests.test_chunked_kl_matches_full_vocab_dense_reference) ... ok
test_selected_cpu_logits_do_not_retain_long_prompt_storage (test_sequence_scores.StreamingSequenceTests.test_selected_cpu_logits_do_not_retain_long_prompt_storage) ... ok
test_causal_shift_and_length_normalization (test_refusal_log_odds.ContinuationScoreTests.test_causal_shift_and_length_normalization) ... ok
test_invalid_prefixes_and_changed_boundaries_are_rejected (test_refusal_log_odds.ContinuationScoreTests.test_invalid_prefixes_and_changed_boundaries_are_rejected) ... ok
test_multitoken_chinese_prefix_groups_are_distinct (test_refusal_log_odds.ContinuationScoreTests.test_multitoken_chinese_prefix_groups_are_distinct) ... ok
test_raw_log_ratio_is_strictly_monotonic (test_refusal_log_odds.ContinuationScoreTests.test_raw_log_ratio_is_strictly_monotonic) ... ok
test_long_prompt_normalizes_only_selected_full_vocab_rows (test_refusal_log_odds.StreamingPrefixTests.test_long_prompt_normalizes_only_selected_full_vocab_rows) ... ok
test_new_reproduction_round_trip_and_parameter_binding (test_reproduce.NewResearchReproductionTests.test_new_reproduction_round_trip_and_parameter_binding) ... ok
test_unknown_research_version_cannot_use_legacy_version_number (test_reproduce.NewResearchReproductionTests.test_unknown_research_version_cannot_use_legacy_version_number) ... ok
test_acceptance_binding_rejects_hash_or_fingerprint_drift (test_reproduce.ReproductionSchemaTests.test_acceptance_binding_rejects_hash_or_fingerprint_drift) ... ok
test_acceptance_report_loading_verifies_sha_and_model (test_reproduce.ReproductionSchemaTests.test_acceptance_report_loading_verifies_sha_and_model) ... ok
test_model_card_names_cara_rank_and_gate_status (test_reproduce.ReproductionSchemaTests.test_model_card_names_cara_rank_and_gate_status) ... ok
test_reload_smoke_prompts_match_committed_fixture (test_reproduce.ReproductionSchemaTests.test_reload_smoke_prompts_match_committed_fixture) ... ok
test_unknown_version_and_method_are_rejected (test_reproduce.ReproductionSchemaTests.test_unknown_version_and_method_are_rejected) ... ok
test_v3_migrates_to_directional_envelope (test_reproduce.ReproductionSchemaTests.test_v3_migrates_to_directional_envelope) ... ok
test_v3_reproduce_dispatch_rejects_mixed_schema_fields (test_reproduce.ReproductionSchemaTests.test_v3_reproduce_dispatch_rejects_mixed_schema_fields) ... ok
test_v4_round_trips_both_methods (test_reproduce.ReproductionSchemaTests.test_v4_round_trips_both_methods) ... ok
test_configured_export_strategy_does_not_construct_prompt (test_workflow.AcceptanceWorkflowTests.test_configured_export_strategy_does_not_construct_prompt) ... ok
test_export_failure_never_promotes_staging (test_workflow.AcceptanceWorkflowTests.test_export_failure_never_promotes_staging) ... ok
test_export_promotes_only_after_reload_and_reproduce_succeed (test_workflow.AcceptanceWorkflowTests.test_export_promotes_only_after_reload_and_reproduce_succeed) ... ok
test_gate_orders_two_replays_before_single_audit (test_workflow.AcceptanceWorkflowTests.test_gate_orders_two_replays_before_single_audit) ... ok
test_local_model_path_uses_generic_candidate_selection (test_workflow.AcceptanceWorkflowTests.test_local_model_path_uses_generic_candidate_selection) ... ok
test_missing_candidate_is_not_silently_ignored (test_workflow.AcceptanceWorkflowTests.test_missing_candidate_is_not_silently_ignored) ... ok
test_reload_process_rejects_timeout_failure_and_identity_drift (test_workflow.AcceptanceWorkflowTests.test_reload_process_rejects_timeout_failure_and_identity_drift) ... ok
test_replay_always_cleans_up_after_scorer_failure (test_workflow.AcceptanceWorkflowTests.test_replay_always_cleans_up_after_scorer_failure) ... ok
test_v2_reproduction_trial_preserves_full_envelope (test_workflow.AcceptanceWorkflowTests.test_v2_reproduction_trial_preserves_full_envelope) ... ok
test_both_research_versions_use_model_identity_gate (test_workflow.ResearchVersionWorkflowTests.test_both_research_versions_use_model_identity_gate) ... ok
test_unknown_research_version_never_falls_back_to_fingerprint (test_workflow.ResearchVersionWorkflowTests.test_unknown_research_version_never_falls_back_to_fingerprint) ... ok
test_audit_threshold_failure_is_terminal (test_acceptance_export.AcceptanceExportTests.test_audit_threshold_failure_is_terminal) ... ok
test_configured_model_action_does_not_construct_prompt (test_acceptance_export.AcceptanceExportTests.test_configured_model_action_does_not_construct_prompt) ... ok
test_consumed_audit_failure_is_terminal (test_acceptance_export.AcceptanceExportTests.test_consumed_audit_failure_is_terminal) ... ok
test_consumed_audit_ledger_cannot_restart (test_acceptance_export.AcceptanceExportTests.test_consumed_audit_ledger_cannot_restart) ... ok
test_core_acceptance_reproduce_graph_is_acyclic (test_acceptance_export.AcceptanceExportTests.test_core_acceptance_reproduce_graph_is_acyclic) ... ok
test_graph_rejects_unbound_adapter_weights (test_acceptance_export.AcceptanceExportTests.test_graph_rejects_unbound_adapter_weights) ... ok
test_preconsume_started_ledger_can_retry (test_acceptance_export.AcceptanceExportTests.test_preconsume_started_ledger_can_retry) ... ok
test_preledger_export_failure_can_retry_same_staging (test_acceptance_export.AcceptanceExportTests.test_preledger_export_failure_can_retry_same_staging) ... ok
test_success_atomically_promotes_and_verifies_graph (test_acceptance_export.AcceptanceExportTests.test_success_atomically_promotes_and_verifies_graph) ... ok
test_third_apply_drift_retains_staging_and_cleans_up (test_acceptance_export.AcceptanceExportTests.test_third_apply_drift_retains_staging_and_cleans_up) ... ok
test_v2_reproduction_reapplies_candidate_before_saving (test_acceptance_export.AcceptanceExportTests.test_v2_reproduction_reapplies_candidate_before_saving) ... Model saved to /tmp/tmpfxu2p1fr.
ok
test_v3_cannot_bypass_offline_finalize_via_legacy_export (test_acceptance_export.AcceptanceExportTests.test_v3_cannot_bypass_offline_finalize_via_legacy_export) ... ok
test_common_json_export_checks_new_artifact_graph (test_acceptance_export.NewResearchExportTests.test_common_json_export_checks_new_artifact_graph) ... ok
test_complete_member_recovers_before_exhausted_budget_admission (test_research_audit.AuditTests.test_complete_member_recovers_before_exhausted_budget_admission) ... ok
test_complete_output_recovers_missing_terminal_write_without_model (test_research_audit.AuditTests.test_complete_output_recovers_missing_terminal_write_without_model) ... ok
test_consumed_failure_is_never_reexecuted (test_research_audit.AuditTests.test_consumed_failure_is_never_reexecuted) ... ok
test_failed_audit_writes_offline_summary_and_preserves_pending (test_research_audit.AuditTests.test_failed_audit_writes_offline_summary_and_preserves_pending) ... ok
test_failed_reload_does_not_consume_audit (test_research_audit.AuditTests.test_failed_reload_does_not_consume_audit) ... ok
test_freeze_rejects_missing_member_and_annotation_budgets (test_research_audit.AuditTests.test_freeze_rejects_missing_member_and_annotation_budgets) ... ok
test_manifest_cannot_be_rebound_to_a_new_plan (test_research_audit.AuditTests.test_manifest_cannot_be_rebound_to_a_new_plan) ... ok
test_partial_summary_recovers_complete_and_pending_without_replay (test_research_audit.AuditTests.test_partial_summary_recovers_complete_and_pending_without_replay) ... ok
test_probe_cache_is_bound_to_config_contents (test_research_audit.AuditTests.test_probe_cache_is_bound_to_config_contents) ... ok
test_same_plan_can_consume_each_member_once (test_research_audit.AuditTests.test_same_plan_can_consume_each_member_once) ... ok
test_new_primary_member_mapping_uses_safe_storage_keys (test_research_audit.NewAuditMemberTests.test_new_primary_member_mapping_uses_safe_storage_keys) ... ok
test_paired_drop_direction_and_degenerate_intervals (test_research_evaluation.AbilityTests.test_paired_drop_direction_and_degenerate_intervals) ... ok
test_disagreement_requires_a_third_reviewer (test_research_evaluation.SemanticEvaluationTests.test_disagreement_requires_a_third_reviewer) ... ok
test_empty_and_budget_truncated_answers_are_not_valid (test_research_evaluation.SemanticEvaluationTests.test_empty_and_budget_truncated_answers_are_not_valid) ... ok
test_exact_zero_refusal_bounds (test_research_evaluation.SemanticEvaluationTests.test_exact_zero_refusal_bounds) ... ok
test_implicit_and_uncertain_refusals_count_as_failures (test_research_evaluation.SemanticEvaluationTests.test_implicit_and_uncertain_refusals_count_as_failures) ... ok
test_invalid_binomial_denominators_fail (test_research_evaluation.SemanticEvaluationTests.test_invalid_binomial_denominators_fail) ... ok
test_missing_labels_never_shrink_denominator (test_research_evaluation.SemanticEvaluationTests.test_missing_labels_never_shrink_denominator) ... ok
test_response_hash_and_duplicate_scenarios_fail (test_research_evaluation.SemanticEvaluationTests.test_response_hash_and_duplicate_scenarios_fail) ... ok
test_paired_labels_reject_wrong_response_identity (test_research_evaluation.SemanticSuperiorityTests.test_paired_labels_reject_wrong_response_identity) ... ok
test_single_sided_interval_preserves_pairing_and_order (test_research_evaluation.SemanticSuperiorityTests.test_single_sided_interval_preserves_pairing_and_order) ... ok
test_zero_width_and_missing_members_are_inconclusive (test_research_evaluation.SemanticSuperiorityTests.test_zero_width_and_missing_members_are_inconclusive) ... ok

----------------------------------------------------------------------
Ran 176 tests in 1.072s

OK

退出码：0
