真实子进程预算测试单独在本地当前源码运行；其余测试加载当前内存源码。
test_full_calibration_is_not_treated_as_eight_sample_smoke (test_protocol_data.NewProfileContractTests.test_full_calibration_is_not_treated_as_eight_sample_smoke) ... ok
test_full_mapping_keeps_development_and_requires_192_candidates (test_protocol_data.NewProfileContractTests.test_full_mapping_keeps_development_and_requires_192_candidates) ... ok
test_hardware_model_mismatch_is_rejected_before_model_load (test_protocol_data.NewProfileContractTests.test_hardware_model_mismatch_is_rejected_before_model_load) ... ok
test_target_profiles_cannot_change_development_body_identity (test_protocol_data.NewProfileContractTests.test_target_profiles_cannot_change_development_body_identity) ... ok
test_target_rejects_scorer_precision_and_role_content_drift (test_protocol_data.NewProfileContractTests.test_target_rejects_scorer_precision_and_role_content_drift) ... ok
test_cross_role_normalized_content_leak_is_rejected (test_protocol_data.ProtocolDataTests.test_cross_role_normalized_content_leak_is_rejected) ... ok
test_fixed_416_row_revision_rejects_old_validation_before_load (test_protocol_data.ProtocolDataTests.test_fixed_416_row_revision_rejects_old_validation_before_load) ... ok
test_materialization_checks_count_and_empty_values (test_protocol_data.ProtocolDataTests.test_materialization_checks_count_and_empty_values) ... ok
test_metadata_preflight_does_not_materialize_rows (test_protocol_data.ProtocolDataTests.test_metadata_preflight_does_not_materialize_rows) ... ok
test_only_absolute_finite_slices_are_accepted (test_protocol_data.ProtocolDataTests.test_only_absolute_finite_slices_are_accepted) ... ok
test_protocol_roles_require_preregistered_row_counts (test_protocol_data.ProtocolDataTests.test_protocol_roles_require_preregistered_row_counts) ... ok
test_shared_validation_is_allowed_but_cross_role_overlap_is_not (test_protocol_data.ProtocolDataTests.test_shared_validation_is_allowed_but_cross_role_overlap_is_not) ... ok
test_training_role_reader_rejects_audit_without_opening_file (test_protocol_data.ProtocolDataTests.test_training_role_reader_rejects_audit_without_opening_file) ... ok
test_new_recovery_claim_and_full_artifact_chain (test_ara_research_acceptance.NewResearchArtifactTests.test_new_recovery_claim_and_full_artifact_chain) ... ok
test_new_reproduction_rejects_empty_execution_hashes (test_ara_research_acceptance.NewResearchArtifactTests.test_new_reproduction_rejects_empty_execution_hashes) ... ok
test_old_report_cannot_bind_new_reproduction (test_ara_research_acceptance.NewResearchArtifactTests.test_old_report_cannot_bind_new_reproduction) ... ok
test_old_report_cannot_relabel_new_candidate (test_ara_research_acceptance.NewResearchArtifactTests.test_old_report_cannot_relabel_new_candidate) ... ok
test_pilot_lock_cannot_be_read_as_formal_candidate (test_ara_research_acceptance.NewResearchArtifactTests.test_pilot_lock_cannot_be_read_as_formal_candidate) ... ok
test_24_attempt_gate_rejects_legacy_120_trial_budget (test_ara_research_acceptance.ResearchAcceptanceTests.test_24_attempt_gate_rejects_legacy_120_trial_budget) ... ok
test_comparison_only_and_inconclusive_cannot_promote (test_ara_research_acceptance.ResearchAcceptanceTests.test_comparison_only_and_inconclusive_cannot_promote) ... ok
test_empty_gate_is_not_vacuously_passed (test_ara_research_acceptance.ResearchAcceptanceTests.test_empty_gate_is_not_vacuously_passed) ... ok
test_failure_precedes_missing_evidence (test_ara_research_acceptance.ResearchAcceptanceTests.test_failure_precedes_missing_evidence) ... ok
test_finalize_accepts_complete_bound_ledger_evidence (test_ara_research_acceptance.ResearchAcceptanceTests.test_finalize_accepts_complete_bound_ledger_evidence) ... ok
test_finalize_rejects_missing_ledger_roles (test_ara_research_acceptance.ResearchAcceptanceTests.test_finalize_rejects_missing_ledger_roles) ... ok
test_finalize_requires_complete_consumption_for_each_evidence (test_ara_research_acceptance.ResearchAcceptanceTests.test_finalize_requires_complete_consumption_for_each_evidence) ... ok
test_immutable_report_is_idempotent_but_rejects_changed_labels (test_ara_research_acceptance.ResearchAcceptanceTests.test_immutable_report_is_idempotent_but_rejects_changed_labels) ... ok
test_known_failure_precedes_missing_semantic_labels (test_ara_research_acceptance.ResearchAcceptanceTests.test_known_failure_precedes_missing_semantic_labels) ... ok
test_member_finalize_recovers_after_promotion_before_aggregate (test_ara_research_acceptance.ResearchAcceptanceTests.test_member_finalize_recovers_after_promotion_before_aggregate) ... ok
test_offline_finalize_does_not_load_model_and_reports_missing_audit (test_ara_research_acceptance.ResearchAcceptanceTests.test_offline_finalize_does_not_load_model_and_reports_missing_audit) ... ok
test_v3_artifact_chain_rejects_parameter_and_core_tampering (test_ara_research_acceptance.ResearchAcceptanceTests.test_v3_artifact_chain_rejects_parameter_and_core_tampering) ... ok
test_v3_parameter_version_is_strict (test_ara_research_acceptance.ResearchAcceptanceTests.test_v3_parameter_version_is_strict) ... ok
test_zero_baseline_does_not_pass_relative_drop (test_ara_research_acceptance.ResearchAcceptanceTests.test_zero_baseline_does_not_pass_relative_drop) ... ok
test_loader_rejects_new_report_with_old_reproduction (test_reproduce.NewResearchReproductionTests.test_loader_rejects_new_report_with_old_reproduction) ... ok
test_new_reproduction_round_trip_and_parameter_binding (test_reproduce.NewResearchReproductionTests.test_new_reproduction_round_trip_and_parameter_binding) ... ok
test_unknown_research_version_cannot_use_legacy_version_number (test_reproduce.NewResearchReproductionTests.test_unknown_research_version_cannot_use_legacy_version_number) ... ok
test_acceptance_binding_rejects_hash_or_fingerprint_drift (test_reproduce.ReproductionSchemaTests.test_acceptance_binding_rejects_hash_or_fingerprint_drift) ... ok
test_acceptance_report_loading_verifies_sha_and_model (test_reproduce.ReproductionSchemaTests.test_acceptance_report_loading_verifies_sha_and_model) ... ok
test_model_card_names_cara_rank_and_gate_status (test_reproduce.ReproductionSchemaTests.test_model_card_names_cara_rank_and_gate_status) ... ok
test_reload_smoke_prompts_match_committed_fixture (test_reproduce.ReproductionSchemaTests.test_reload_smoke_prompts_match_committed_fixture) ... ok
test_unknown_version_and_method_are_rejected (test_reproduce.ReproductionSchemaTests.test_unknown_version_and_method_are_rejected) ... ok
test_v3_migrates_to_directional_envelope (test_reproduce.ReproductionSchemaTests.test_v3_migrates_to_directional_envelope) ... ok
test_v3_reproduce_dispatch_rejects_mixed_schema_fields (test_reproduce.ReproductionSchemaTests.test_v3_reproduce_dispatch_rejects_mixed_schema_fields) ... ok
test_v4_round_trips_both_methods (test_reproduce.ReproductionSchemaTests.test_v4_round_trips_both_methods) ... ok

----------------------------------------------------------------------
Ran 43 tests in 0.115s

OK

退出码：0
