真实子进程预算测试单独在本地当前源码运行；其余测试加载当前内存源码。
test_new_protocol_consumers_reject_legacy_or_unknown_version (test_protocol_data.NewProfileContractTests.test_new_protocol_consumers_reject_legacy_or_unknown_version) ... 
  test_new_protocol_consumers_reject_legacy_or_unknown_version (test_protocol_data.NewProfileContractTests.test_new_protocol_consumers_reject_legacy_or_unknown_version) (version='cara-research-protocol-v3') ... FAIL
  test_new_protocol_consumers_reject_legacy_or_unknown_version (test_protocol_data.NewProfileContractTests.test_new_protocol_consumers_reject_legacy_or_unknown_version) (version='unknown') ... FAIL
  test_new_protocol_consumers_reject_legacy_or_unknown_version (test_protocol_data.NewProfileContractTests.test_new_protocol_consumers_reject_legacy_or_unknown_version) (version=None) ... FAIL

======================================================================
FAIL: test_new_protocol_consumers_reject_legacy_or_unknown_version (test_protocol_data.NewProfileContractTests.test_new_protocol_consumers_reject_legacy_or_unknown_version) (version='cara-research-protocol-v3')
----------------------------------------------------------------------
Traceback (most recent call last):
  File "/home/xdrshjr/.cache/ara-v3-code-check-ff8102e2/tests/test_protocol_data.py", line 151, in test_new_protocol_consumers_reject_legacy_or_unknown_version
    with self.assertRaisesRegex(ValueError, "版本"):
         ^^^^^^^^^^^^^^^^^^^^^^^^^^^^^^^^^^^^^^^^^^
AssertionError: ValueError not raised

======================================================================
FAIL: test_new_protocol_consumers_reject_legacy_or_unknown_version (test_protocol_data.NewProfileContractTests.test_new_protocol_consumers_reject_legacy_or_unknown_version) (version='unknown')
----------------------------------------------------------------------
Traceback (most recent call last):
  File "/home/xdrshjr/.cache/ara-v3-code-check-ff8102e2/tests/test_protocol_data.py", line 151, in test_new_protocol_consumers_reject_legacy_or_unknown_version
    with self.assertRaisesRegex(ValueError, "版本"):
         ^^^^^^^^^^^^^^^^^^^^^^^^^^^^^^^^^^^^^^^^^^
AssertionError: ValueError not raised

======================================================================
FAIL: test_new_protocol_consumers_reject_legacy_or_unknown_version (test_protocol_data.NewProfileContractTests.test_new_protocol_consumers_reject_legacy_or_unknown_version) (version=None)
----------------------------------------------------------------------
Traceback (most recent call last):
  File "/home/xdrshjr/.cache/ara-v3-code-check-ff8102e2/tests/test_protocol_data.py", line 151, in test_new_protocol_consumers_reject_legacy_or_unknown_version
    with self.assertRaisesRegex(ValueError, "版本"):
         ^^^^^^^^^^^^^^^^^^^^^^^^^^^^^^^^^^^^^^^^^^
AssertionError: ValueError not raised

----------------------------------------------------------------------
Ran 1 test in 0.071s

FAILED (failures=3)

退出码：1
