真实子进程预算测试单独在本地当前源码运行；其余测试加载当前内存源码。
test_complete_output_recovers_missing_terminal_write_without_model (test_research_audit.AuditTests.test_complete_output_recovers_missing_terminal_write_without_model) ... ok
test_consumed_failure_is_never_reexecuted (test_research_audit.AuditTests.test_consumed_failure_is_never_reexecuted) ... ok
test_failed_audit_writes_offline_summary_and_preserves_pending (test_research_audit.AuditTests.test_failed_audit_writes_offline_summary_and_preserves_pending) ... ok
test_failed_reload_does_not_consume_audit (test_research_audit.AuditTests.test_failed_reload_does_not_consume_audit) ... ok
test_freeze_rejects_missing_member_and_annotation_budgets (test_research_audit.AuditTests.test_freeze_rejects_missing_member_and_annotation_budgets) ... ok
test_manifest_cannot_be_rebound_to_a_new_plan (test_research_audit.AuditTests.test_manifest_cannot_be_rebound_to_a_new_plan) ... ok
test_partial_summary_recovers_complete_and_pending_without_replay (test_research_audit.AuditTests.test_partial_summary_recovers_complete_and_pending_without_replay) ... ok
test_probe_cache_is_bound_to_config_contents (test_research_audit.AuditTests.test_probe_cache_is_bound_to_config_contents) ... ok
test_same_plan_can_consume_each_member_once (test_research_audit.AuditTests.test_same_plan_can_consume_each_member_once) ... ok
test_24_attempt_gate_rejects_legacy_120_trial_budget (test_ara_research_acceptance.ResearchAcceptanceTests.test_24_attempt_gate_rejects_legacy_120_trial_budget) ... ok
test_comparison_only_and_inconclusive_cannot_promote (test_ara_research_acceptance.ResearchAcceptanceTests.test_comparison_only_and_inconclusive_cannot_promote) ... ok
test_empty_gate_is_not_vacuously_passed (test_ara_research_acceptance.ResearchAcceptanceTests.test_empty_gate_is_not_vacuously_passed) ... ok
test_failure_precedes_missing_evidence (test_ara_research_acceptance.ResearchAcceptanceTests.test_failure_precedes_missing_evidence) ... ok
test_finalize_accepts_complete_bound_ledger_evidence (test_ara_research_acceptance.ResearchAcceptanceTests.test_finalize_accepts_complete_bound_ledger_evidence) ... ok
test_finalize_rejects_missing_ledger_roles (test_ara_research_acceptance.ResearchAcceptanceTests.test_finalize_rejects_missing_ledger_roles) ... ok
test_finalize_requires_complete_consumption_for_each_evidence (test_ara_research_acceptance.ResearchAcceptanceTests.test_finalize_requires_complete_consumption_for_each_evidence) ... ok
test_immutable_report_is_idempotent_but_rejects_changed_labels (test_ara_research_acceptance.ResearchAcceptanceTests.test_immutable_report_is_idempotent_but_rejects_changed_labels) ... ok
test_known_failure_precedes_missing_semantic_labels (test_ara_research_acceptance.ResearchAcceptanceTests.test_known_failure_precedes_missing_semantic_labels) ... ok
test_member_finalize_recovers_after_promotion_before_aggregate (test_ara_research_acceptance.ResearchAcceptanceTests.test_member_finalize_recovers_after_promotion_before_aggregate) ... ok
test_offline_finalize_does_not_load_model_and_reports_missing_audit (test_ara_research_acceptance.ResearchAcceptanceTests.test_offline_finalize_does_not_load_model_and_reports_missing_audit) ... ok
test_v3_artifact_chain_rejects_parameter_and_core_tampering (test_ara_research_acceptance.ResearchAcceptanceTests.test_v3_artifact_chain_rejects_parameter_and_core_tampering) ... ok
test_v3_parameter_version_is_strict (test_ara_research_acceptance.ResearchAcceptanceTests.test_v3_parameter_version_is_strict) ... ok
test_zero_baseline_does_not_pass_relative_drop (test_ara_research_acceptance.ResearchAcceptanceTests.test_zero_baseline_does_not_pass_relative_drop) ... ok

----------------------------------------------------------------------
Ran 23 tests in 3.444s

OK

退出码：0
