test_ara_refinement (unittest.loader._FailedTest.test_ara_refinement) ... ERROR
test_config (unittest.loader._FailedTest.test_config) ... ERROR

======================================================================
ERROR: test_ara_refinement (unittest.loader._FailedTest.test_ara_refinement)
----------------------------------------------------------------------
ImportError: Failed to import test module: test_ara_refinement
Traceback (most recent call last):
  File "/root/autodl-fs/conda-envs/heretic-dsv4/lib/python3.12/unittest/loader.py", line 137, in loadTestsFromName
    module = __import__(module_name)
             ^^^^^^^^^^^^^^^^^^^^^^^
ModuleNotFoundError: No module named 'test_ara_refinement'


======================================================================
ERROR: test_config (unittest.loader._FailedTest.test_config)
----------------------------------------------------------------------
ImportError: Failed to import test module: test_config
Traceback (most recent call last):
  File "/root/autodl-fs/conda-envs/heretic-dsv4/lib/python3.12/unittest/loader.py", line 137, in loadTestsFromName
    module = __import__(module_name)
             ^^^^^^^^^^^^^^^^^^^^^^^
ModuleNotFoundError: No module named 'test_config'


----------------------------------------------------------------------
Ran 2 tests in 0.001s

FAILED (errors=2)
